{"ts":1746261317611,"action":"FILE_OPENED","file":"/src/Main.java","tags":{"FILE_LINE_OF_CODE":"24"}}
{"ts":1746261317799,"action":"PROJECT_OPENED","tags":{"PROJECT_NAME":"pratice_java"}}
{"ts":1746261318624,"action":"IDE_DEACTIVATED"}
{"ts":1746261322054,"action":"IDE_ACTIVATED"}
{"ts":1746261327375,"action":"IDE_DEACTIVATED"}
{"ts":1746261333444,"action":"IDE_ACTIVATED"}
{"ts":1746261439363,"action":"IDE_DEACTIVATED"}
{"ts":1746261729624,"action":"IDE_ACTIVATED"}
{"ts":1746261768097,"action":"IDE_DEACTIVATED"}
{"ts":1746261802955,"action":"IDE_ACTIVATED"}
{"ts":1746261812222,"action":"IDE_DEACTIVATED"}
{"ts":1746261833643,"action":"IDE_ACTIVATED"}
{"ts":1746261837181,"action":"IDE_DEACTIVATED"}
{"ts":1746261935257,"action":"IDE_ACTIVATED"}
{"ts":1746262223529,"action":"IDE_DEACTIVATED"}
{"ts":1746262237066,"action":"IDE_ACTIVATED"}
{"ts":1746262389844,"action":"IDE_DEACTIVATED"}
{"ts":1746262390679,"action":"IDE_ACTIVATED"}
{"ts":1746262496789,"action":"IDE_DEACTIVATED"}
{"ts":1746262632445,"action":"IDE_ACTIVATED"}
{"ts":1746262966078,"action":"IDE_DEACTIVATED"}
{"ts":1746263013166,"action":"IDE_ACTIVATED"}
{"ts":1746263052463,"action":"IDE_DEACTIVATED"}
{"ts":1746263082684,"action":"IDE_ACTIVATED"}
{"ts":1746263421017,"action":"IDE_DEACTIVATED"}
{"ts":1746263811840,"action":"IDE_ACTIVATED"}
{"ts":1746263821689,"action":"IDE_DEACTIVATED"}
{"ts":1746263833540,"action":"IDE_ACTIVATED"}
{"ts":1746263964475,"action":"IDE_DEACTIVATED"}
{"ts":1746264046963,"action":"IDE_ACTIVATED"}
{"ts":1746264168800,"action":"IDE_DEACTIVATED"}
{"ts":1746264179104,"action":"IDE_ACTIVATED"}
{"ts":1746264216553,"action":"IDE_DEACTIVATED"}
{"ts":1746264223145,"action":"IDE_ACTIVATED"}
{"ts":1746264433100,"action":"IDE_DEACTIVATED"}
{"ts":1746264645018,"action":"IDE_ACTIVATED"}
{"ts":1746264671649,"action":"FILE_CLOSED","file":"/src/Main.java","tags":{"FILE_LINE_OF_CODE":"25"}}
{"ts":1746264671752,"action":"FILE_OPENED","file":"/.gitignore","tags":{"FILE_LINE_OF_CODE":"29"}}
